img1: 1440x988, img2: 1440x988
Diff: 2.630%